NTCIR11-Math-1W<S>(<S>2<S>,<S>k<S>)<S>><S>2<S>^<S>k<S>/<S>k<S>^<S>\<S>varepsilon<m:apply xmlns:m="http://www.w3.org/1998/Math/MathML" xref="m1.1.13.pmml" xml:id="m1.1.13"> 
 <m:gt xref="m1.1.7.pmml" xml:id="m1.1.7" /> 
 <m:apply xref="m1.1.13.1.pmml" xml:id="m1.1.13.1"> 
  <m:times xref="m1.1.13.1.1.pmml" xml:id="m1.1.13.1.1" /> 
  <m:ci xref="m1.1.1.pmml" xml:id="m1.1.1">
   W
  </m:ci> 
  <m:apply xref="m1.1.13.1.2.pmml" xml:id="m1.1.13.1.2"> 
   <m:interval closure="open" xml:id="m1.1.13.1.2.1" /> 
   <m:cn xref="m1.1.3.pmml" type="integer" xml:id="m1.1.3">
    2
   </m:cn> 
   <m:ci xref="m1.1.5.pmml" xml:id="m1.1.5">
    k
   </m:ci> 
  </m:apply> 
 </m:apply> 
 <m:apply xref="m1.1.13.2.pmml" xml:id="m1.1.13.2"> 
  <m:divide xref="m1.1.10.pmml" xml:id="m1.1.10" /> 
  <m:apply xref="m1.1.13.2.1.pmml" xml:id="m1.1.13.2.1"> 
   <m:csymbol xml:id="m1.1.13.2.1.1" cd="ambiguous">
    superscript
   </m:csymbol> 
   <m:cn xref="m1.1.8.pmml" type="integer" xml:id="m1.1.8">
    2
   </m:cn> 
   <m:ci xref="m1.1.9.1.pmml" xml:id="m1.1.9.1">
    k
   </m:ci> 
  </m:apply> 
  <m:apply xref="m1.1.13.2.2.pmml" xml:id="m1.1.13.2.2"> 
   <m:csymbol xml:id="m1.1.13.2.2.1" cd="ambiguous">
    superscript
   </m:csymbol> 
   <m:ci xref="m1.1.11.pmml" xml:id="m1.1.11">
    k
   </m:ci> 
   <m:ci xref="m1.1.12.1.pmml" xml:id="m1.1.12.1">
    ε
   </m:ci> 
  </m:apply> 
 </m:apply> 
</m:apply>
<m:mrow xmlns:m="http://www.w3.org/1998/Math/MathML" xref="m1.1.13" xml:id="m1.1.13.pmml"> 
 <m:mrow xref="m1.1.13.1" xml:id="m1.1.13.1.pmml"> 
  <m:mi xref="m1.1.1" xml:id="m1.1.1.pmml">
   W
  </m:mi> 
   
  <m:mrow xref="m1.1.13.1.2" xml:id="m1.1.13.1.2.pmml"> 
   <m:mo xref="m1.1.13.1.2" xml:id="m1.1.13.1.2a.pmml">
    (
   </m:mo><m:mrow xref="m1.1.13.1.2" xml:id="m1.1.13.1.2b.pmml"> 
    <m:mn xref="m1.1.3" xml:id="m1.1.3.pmml">
     2
    </m:mn> 
    <m:mo xref="m1.1.13.1.2" xml:id="m1.1.13.1.2c.pmml">
     ,
    </m:mo> 
    <m:mi xref="m1.1.5" xml:id="m1.1.5.pmml">
     k
    </m:mi> 
   </m:mrow> 
    
   <m:mo xref="m1.1.13.1.2" xml:id="m1.1.13.1.2d.pmml">
    )
   </m:mo> 
  </m:mrow> 
 </m:mrow> 
 <m:mo xref="m1.1.7" xml:id="m1.1.7.pmml">
  &gt;
 </m:mo> 
 <m:mrow xref="m1.1.13.2" xml:id="m1.1.13.2.pmml"> 
  <m:msup xref="m1.1.13.2.1" xml:id="m1.1.13.2.1.pmml"> 
   <m:mn xref="m1.1.8" xml:id="m1.1.8.pmml">
    2
   </m:mn> 
   <m:mi xref="m1.1.9.1" xml:id="m1.1.9.1.pmml">
    k
   </m:mi> 
  </m:msup> 
  <m:mo xref="m1.1.10" xml:id="m1.1.10.pmml">
   /
  </m:mo> 
  <m:msup xref="m1.1.13.2.2" xml:id="m1.1.13.2.2.pmml"> 
   <m:mi xref="m1.1.11" xml:id="m1.1.11.pmml">
    k
   </m:mi> 
   <m:mi xref="m1.1.12.1" xml:id="m1.1.12.1.pmml">
    ε
   </m:mi> 
  </m:msup> 
 </m:mrow> 
</m:mrow>
NTCIR11-Math-2(<S>X<S>,<S>\<S>Sigma<S>)<m:apply xmlns:m="http://www.w3.org/1998/Math/MathML" xref="m3.1.6.pmml" xml:id="m3.1.6"> 
 <m:interval closure="open" xml:id="m3.1.6.1" /> 
 <m:ci xref="m3.1.2.pmml" xml:id="m3.1.2">
  X
 </m:ci> 
 <m:ci xref="m3.1.4.pmml" xml:id="m3.1.4">
  normal-Σ
 </m:ci> 
</m:apply>
<m:mrow xmlns:m="http://www.w3.org/1998/Math/MathML" xref="m3.1.6" xml:id="m3.1.6.pmml"> 
 <m:mo xref="m3.1.6" xml:id="m3.1.6a.pmml">
  (
 </m:mo><m:mrow xref="m3.1.6" xml:id="m3.1.6b.pmml"> 
  <m:mi xref="m3.1.2" xml:id="m3.1.2.pmml">
   X
  </m:mi> 
  <m:mo xref="m3.1.6" xml:id="m3.1.6c.pmml">
   ,
  </m:mo> 
  <m:mi mathvariant="normal" xref="m3.1.4" xml:id="m3.1.4.pmml">
   Σ
  </m:mi> 
 </m:mrow> 
  
 <m:mo xref="m3.1.6" xml:id="m3.1.6d.pmml">
  )
 </m:mo> 
</m:mrow>
